// Jest Snapshot v1, https://goo.gl/fbAQLP

exports[`Login snapshot Login 1`] = `
Object {
  "asFragment": [Function],
  "baseElement": <body>
    <div>
      <div
        class="login"
      >
        <div
          class="card title-card"
        >
          Login
        </div>
        <div
          class="card"
        >
          User
        </div>
        <input
          placeholder="User"
        />
        <div
          class="card"
        >
          Password
        </div>
        <input
          placeholder="Password"
          type="password"
        />
        <div
          class="card"
        >
          <button
            class="btn"
            data-testid="login-submit"
          >
            Login
          </button>
        </div>
      </div>
    </div>
  </body>,
  "container": <div>
    <div
      class="login"
    >
      <div
        class="card title-card"
      >
        Login
      </div>
      <div
        class="card"
      >
        User
      </div>
      <input
        placeholder="User"
      />
      <div
        class="card"
      >
        Password
      </div>
      <input
        placeholder="Password"
        type="password"
      />
      <div
        class="card"
      >
        <button
          class="btn"
          data-testid="login-submit"
        >
          Login
        </button>
      </div>
    </div>
  </div>,
  "debug": [Function],
  "findAllByAltText": [Function],
  "findAllByDisplayValue": [Function],
  "findAllByLabelText": [Function],
  "findAllByPlaceholderText": [Function],
  "findAllByRole": [Function],
  "findAllByTestId": [Function],
  "findAllByText": [Function],
  "findAllByTitle": [Function],
  "findByAltText": [Function],
  "findByDisplayValue": [Function],
  "findByLabelText": [Function],
  "findByPlaceholderText": [Function],
  "findByRole": [Function],
  "findByTestId": [Function],
  "findByText": [Function],
  "findByTitle": [Function],
  "getAllByAltText": [Function],
  "getAllByDisplayValue": [Function],
  "getAllByLabelText": [Function],
  "getAllByPlaceholderText": [Function],
  "getAllByRole": [Function],
  "getAllByTestId": [Function],
  "getAllByText": [Function],
  "getAllByTitle": [Function],
  "getByAltText": [Function],
  "getByDisplayValue": [Function],
  "getByLabelText": [Function],
  "getByPlaceholderText": [Function],
  "getByRole": [Function],
  "getByTestId": [Function],
  "getByText": [Function],
  "getByTitle": [Function],
  "queryAllByAltText": [Function],
  "queryAllByDisplayValue": [Function],
  "queryAllByLabelText": [Function],
  "queryAllByPlaceholderText": [Function],
  "queryAllByRole": [Function],
  "queryAllByTestId": [Function],
  "queryAllByText": [Function],
  "queryAllByTitle": [Function],
  "queryByAltText": [Function],
  "queryByDisplayValue": [Function],
  "queryByLabelText": [Function],
  "queryByPlaceholderText": [Function],
  "queryByRole": [Function],
  "queryByTestId": [Function],
  "queryByText": [Function],
  "queryByTitle": [Function],
  "rerender": [Function],
  "unmount": [Function],
}
`;
